0, 0, 0
1, 1, 2
2, 1, 3
3, 1.5, 4
4, 1.6, 4.8
5, 3.4, 4.85
6, 4, 6
