0,0,12
1,0.1,12
2,0.3,12
3,0.5,12
4,0.7,12
5,0.9,12
6,1.2,12
7,1.5,16
8,1.8,24
9,3.5,30
10,2.6,35
11,2.0,39,
12,1,39
13,0.1,39
14,0,39
15,0,39
16,0,39
17,0.1,40
18,0.2,50
19,0.4,60
20,0.7,70
21,1.3,83
22,1.5,90
23,2,95
24,2,100
25,2,110
26,2,120
27,2,125
28,1.5,130
29,1.0,140
30,0.7,150
31,0.3,160
32,0.1,170
33,0,180
34,0,180
35,0,180
36,0.1,200
37,0.2,210
38,0.3,215
39,0.4,216
40,0.5,224